{"tool":"phpunit","result":"failed","tests":34,"passed":31,"assertions":75,"duration_ms":4199,"failed":3,"failures":[{"test":"Tests\\Feature\\AdminExamManagementTest::test_non_admin_cannot_access_admin_routes","file":"D:\\Code\\laravel-learn\\tests\\Feature\\AdminExamManagementTest.php","line":31,"message":"Expected response status code [403] but received 302.\nFailed asserting that 302 is identical to 403."},{"test":"Tests\\Feature\\ExamFlowTest::test_published_exam_index_is_visible","file":"D:\\Code\\laravel-learn\\tests\\Feature\\ExamFlowTest.php","line":14,"message":"Expected response status code [200] but received 302.\nFailed asserting that 302 is identical to 200."},{"test":"Tests\\Feature\\ExamFlowTest::test_guest_cannot_view_draft_exam","file":"D:\\Code\\laravel-learn\\tests\\Feature\\ExamFlowTest.php","line":24,"message":"Expected response status code [404] but received 302.\nFailed asserting that 302 is identical to 404."}]}
